**********************
Windows PowerShell 脚本开始
开始时间: 20250924052352
用户名: alray-mecheruo\alray
RunAs 用户: alray-mecheruo\alray
配置名称: 
计算机: ALRAY-MECHERUO (Microsoft Windows NT 10.0.26100.0)
主机应用程序: C:\WINDOWS\System32\WindowsPowerShell\v1.0\powershell.exe -executionpolicy bypass -File C:\Users\alray\AppData\Local\Temp\Win11Debloat\Win11Debloat.ps1 -RunSavedSettings
进程 ID: 3600
PSVersion: 5.1.26100.4061
PSEdition: Desktop
PSCompatibleVersions: 1.0, 2.0, 3.0, 4.0, 5.0, 5.1.26100.4061
BuildVersion: 10.0.26100.4061
CLRVersion: 4.0.30319.42000
WSManStackVersion: 3.0
PSRemotingProtocolVersion: 2.3
SerializationVersion: 1.1.0.1
**********************
-------------------------------------------------------------------------------------------
 Win11Debloat Script - Custom Mode (User: alray)
-------------------------------------------------------------------------------------------
Win11Debloat will make the following changes:
Get-Content : 找不到路径“C:\Users\alray\AppData\Local\Temp\Win11Debloat\SavedSettings”，因为该路径不存在。
所在位置 C:\Users\alray\AppData\Local\Temp\Win11Debloat\Win11Debloat.ps1:1617 字符: 32
+ ... reach ($line in (Get-Content -Path "$PSScriptRoot/SavedSettings" )) {
+                      ~~~~~~~~~~~~~~~~~~~~~~~~~~~~~~~~~~~~~~~~~~~~~~~
    + CategoryInfo          : ObjectNotFound: (C:\Users\alray\...t\SavedSettings:String) [Get-Content], ItemNotFoundExce
ption
    + FullyQualifiedErrorId : PathNotFound,Microsoft.PowerShell.Commands.GetContentCommand
Get-Content : 找不到路径“C:\Users\alray\AppData\Local\Temp\Win11Debloat\SavedSettings”，因为该路径不存在。
所在位置 C:\Users\alray\AppData\Local\Temp\Win11Debloat\Win11Debloat.ps1:1617 字符: 32
+ ... reach ($line in (Get-Content -Path "$PSScriptRoot/SavedSettings" )) {
+                      ~~~~~~~~~~~~~~~~~~~~~~~~~~~~~~~~~~~~~~~~~~~~~~~
    + CategoryInfo          : ObjectNotFound: (C:\Users\alray\...t\SavedSettings:String) [Get-Content], ItemNotFoundEx
   ception
    + FullyQualifiedErrorId : PathNotFound,Microsoft.PowerShell.Commands.GetContentCommand



Press enter to execute the script or press CTRL+C to quit...
-------------------------------------------------------------------------------------------
 Win11Debloat Script - Custom Mode (User: alray)
-------------------------------------------------------------------------------------------
> Restarting Windows Explorer process to apply all changes... (This may cause some flickering)



Script completed! Please check above for any errors.

Press any key to exit...
**********************
Windows PowerShell 脚本结束
结束时间: 20250924052439
**********************
